Running tests from ../scenarios/test_01-06.json
Test 01 random           A teacup is ... p:mineral      o:vegetable
Test 01 aggregateweight  A teacup is ... p:mineral      o:vegetable
Test 01 fixed            A teacup is ... p:mineral      o:vegetable
Test 01 firstmatch       A teacup is ... p:mineral      o:vegetable
Test 02 random           The unicorn ... p:animal       o:vegetable
Test 02 aggregateweight  The unicorn ... p:animal       o:animal
Test 02 fixed            The unicorn ... p:animal       o:vegetable
Test 02 firstmatch       The unicorn ... p:animal       o:animal
Test 03 random           The olive, k... p:vegetable    o:animal
Test 03 aggregateweight  The olive, k... p:vegetable    o:vegetable
Test 03 fixed            The olive, k... p:vegetable    o:vegetable
Test 03 firstmatch       The olive, k... p:vegetable    o:mineral
Test 04 random           A mobile pho... p:mineral      o:vegetable
Test 04 aggregateweight  A mobile pho... p:mineral      o:mineral
Test 04 fixed            A mobile pho... p:mineral      o:vegetable
Test 04 firstmatch       A mobile pho... p:mineral      o:mineral
Test 05 random           The donkey o... p:animal       o:mineral
Test 05 aggregateweight  The donkey o... p:animal       o:animal
Test 05 fixed            The donkey o... p:animal       o:vegetable
Test 05 firstmatch       The donkey o... p:animal       o:animal
Test 06 random           The radish (... p:vegetable    o:vegetable
Test 06 aggregateweight  The radish (... p:vegetable    o:vegetable
Test 06 fixed            The radish (... p:vegetable    o:vegetable
Test 06 firstmatch       The radish (... p:vegetable    o:vegetable

Calculate/Collate recall + precision

Generating Confusion Matrices
Key:
p: predicted
o: observed
p+:predicted total
o+: observed total

random         o:vegetable    o:animal       o:mineral     
p:vegetable               1               1               0  p+:vegetable :2
p:animal                  1               0               1  p+:animal    :2
p:mineral                 2               0               0  p+:mineral   :2
              o+:vegetable:4   o+:animal  :1   o+:mineral :1 
vegetable  Precision  0.25 Recall  0.50
animal     Precision  0.00 Recall  0.00
mineral    Precision  0.00 Recall  0.00
Mean       Precision  0.08 Recall  0.17

aggregateweight o:vegetable    o:animal       o:mineral     
p:vegetable               2               0               0  p+:vegetable :2
p:animal                  0               2               0  p+:animal    :2
p:mineral                 1               0               1  p+:mineral   :2
              o+:vegetable:3   o+:animal  :2   o+:mineral :1 
vegetable  Precision  0.67 Recall  1.00
animal     Precision  1.00 Recall  1.00
mineral    Precision  1.00 Recall  0.50
Mean       Precision  0.89 Recall  0.83

fixed          o:vegetable    o:animal       o:mineral     
p:vegetable               2               0               0  p+:vegetable :2
p:animal                  2               0               0  p+:animal    :2
p:mineral                 2               0               0  p+:mineral   :2
              o+:vegetable:6   o+:animal  :0   o+:mineral :0 
vegetable  Precision  0.33 Recall  1.00
animal     Precision  1.00 Recall  0.00
mineral    Precision  1.00 Recall  0.00
Mean       Precision  0.78 Recall  0.33

firstmatch     o:vegetable    o:animal       o:mineral     
p:vegetable               1               0               1  p+:vegetable :2
p:animal                  0               2               0  p+:animal    :2
p:mineral                 1               0               1  p+:mineral   :2
              o+:vegetable:2   o+:animal  :2   o+:mineral :2 
vegetable  Precision  0.50 Recall  0.50
animal     Precision  1.00 Recall  1.00
mineral    Precision  0.50 Recall  0.50
Mean       Precision  0.67 Recall  0.67
Estimating Value by mode
Mode random              estimated Value   -110 minutes/operator/day
Mode aggregateweight     estimated Value     50 minutes/operator/day
Mode fixed               estimated Value    -70 minutes/operator/day
Mode firstmatch          estimated Value     10 minutes/operator/day
